// Jest Snapshot v1, https://goo.gl/fbAQLP

exports[`throws an error when called with null moduleName 1`] = `"The first argument to require must be a string. Received null or undefined."`;
